// Jest Snapshot v1, https://goo.gl/fbAQLP

exports[`CookieBanner should render 🍪 1`] = `" "`;
