// Jest Snapshot v1, https://goo.gl/fbAQLP

exports[`MipText should render 1`] = `
<section
  className="sc-bczRLJ fqyYGh"
  dangerouslySetInnerHTML={
    Object {
      "__html": Object {
        "process": [Function],
      },
    }
  }
/>
`;
