// Jest Snapshot v1, https://goo.gl/fbAQLP

exports[`SearchResults should render 1`] = `
Array [
  <div
    className="sc-gsnTZi hmKVXy"
  >
    <div>
      <div
        className="sc-eCYdqJ gZAhPP"
      >
        <h2
          className="title"
        >
          Showing results for Tea
        </h2>
        <p
          className="sc-jSMfEi iCawsZ no-of-results"
        >
          1 to 2 of 200
        </p>
      </div>
      <p>
        If you’re looking for other information on medicines, you can search for information about medicines including patient information leaflets (PILs), details on how the medicine can be used (SPCs) and scientific reports (PARs).
      </p>
      <p>
        <a
          href="/"
          onClick={[Function]}
          onMouseEnter={[Function]}
        >
          Go to Products website to find information on medicines
        </a>
      </p>
    </div>
    <div
      className="row"
    >
      <section
        className="column results"
      >
        <h3
          className="sc-dkzDqf eoxGfn"
        >
          Search results
        </h3>
        <dl>
          <div
            className="search-result"
          >
            <dd
              className="right"
            >
              <a
                href="url"
              >
                <p
                  className="title"
                >
                  title
                </p>
              </a>
              <p
                className="metadata"
              >
                Active substances:
                 
                Substance 1, Substance 2
              </p>
              <p
                className="summary"
              >
                summary
              </p>
            </dd>
          </div>
          <div
            className="search-result"
          >
            <dd
              className="right"
            >
              <a
                href="url"
              >
                <p
                  className="title"
                >
                  title 2
                </p>
              </a>
              <p
                className="metadata"
              >
                Active substances:
                 
                Substance 3, Substance 4
              </p>
              <p
                className="summary"
              >
                summary
              </p>
            </dd>
          </div>
        </dl>
      </section>
    </div>
  </div>,
  <nav
    className="sc-bczRLJ wtnsX"
  >
    <nav
      aria-label="Pagination Navigation"
    >
      <div
        className="pagination"
      >
        <ul
          className="pagination-number"
        >
          <li
            aria-current="true"
            aria-label="Current Page, Page 1"
          >
            1
            <span>
              –
            </span>
          </li>
          <li
            aria-label="Goto Page 2"
            onClick={[Function]}
          >
            <span
              className="link-text"
            >
              2
            </span>
          </li>
          <li>
            …
          </li>
          <li
            aria-label="Goto Page 11"
            onClick={[Function]}
          >
            <span
              className="link-text"
            >
              11
            </span>
          </li>
        </ul>
        <button
          aria-label="Goto next page, Page 2"
          className="arrow"
          onClick={[Function]}
        >
          Next
        </button>
      </div>
    </nav>
  </nav>,
]
`;

exports[`SearchResults should render loading page 1`] = `
<div
  className="sc-gsnTZi hmKVXy"
>
  <h2
    className="title"
  >
    Loading results for Tea...
  </h2>
</div>
`;
